QA output created by 692
fsgqa:fsgqa2
fsgqa:fsgqa
